2026-08-07 17:51:06 INFO  [main] Baseclass - ===== LOGGER TEST =====
2026-08-07 17:51:06 INFO  [main] Baseclass - ********** Launching Chrome Browser **********
2026-08-07 17:51:07 INFO  [main] Baseclass - Chrome Browser Launched Successfully
2026-08-07 17:51:07 INFO  [main] Baseclass - Opening URL : https://opensource-demo.orangehrmlive.com/web/index.php/auth/login
2026-08-07 17:51:29 INFO  [main] Baseclass - Application Opened Successfully
2026-08-07 17:52:17 INFO  [main] Baseclass - ===== LOGGER TEST =====
2026-08-07 17:52:17 INFO  [main] Baseclass - ********** Launching Chrome Browser **********
2026-08-07 17:52:19 INFO  [main] Baseclass - Chrome Browser Launched Successfully
2026-08-07 17:52:19 INFO  [main] Baseclass - Opening URL : https://opensource-demo.orangehrmlive.com/web/index.php/auth/login
2026-08-07 17:52:44 INFO  [main] Baseclass - Application Opened Successfully
2026-08-07 17:54:14 INFO  [main] Baseclass - ===== LOGGER TEST =====
2026-08-07 17:54:14 INFO  [main] Baseclass - ********** Launching Chrome Browser **********
2026-08-07 17:54:17 INFO  [main] Baseclass - Chrome Browser Launched Successfully
2026-08-07 17:54:17 INFO  [main] Baseclass - Opening URL : https://opensource-demo.orangehrmlive.com/web/index.php/auth/login
2026-08-07 17:54:25 INFO  [main] Baseclass - Application Opened Successfully
2026-08-07 21:10:19 INFO  [main] Baseclass - ===== LOGGER TEST =====
2026-08-07 21:10:19 INFO  [main] Baseclass - ********** Launching Chrome Browser (headless=false) **********
2026-08-07 21:10:24 INFO  [main] Baseclass - chrome Browser Launched Successfully
2026-08-07 21:10:24 INFO  [main] Baseclass - Opening URL : https://opensource-demo.orangehrmlive.com/web/index.php/auth/login
2026-08-07 21:10:30 INFO  [main] Baseclass - Application Opened Successfully
2026-08-07 21:10:46 INFO  [main] Baseclass - ===== LOGGER TEST =====
2026-08-07 21:10:46 INFO  [main] Baseclass - ********** Launching Chrome Browser (headless=false) **********
2026-08-07 21:10:47 INFO  [main] Baseclass - chrome Browser Launched Successfully
2026-08-07 21:10:47 INFO  [main] Baseclass - Opening URL : https://opensource-demo.orangehrmlive.com/web/index.php/auth/login
2026-08-07 21:10:50 INFO  [main] Baseclass - Application Opened Successfully
2026-08-07 21:10:56 INFO  [main] Baseclass - ===== LOGGER TEST =====
2026-08-07 21:10:56 INFO  [main] Baseclass - ********** Launching Chrome Browser (headless=false) **********
2026-08-07 21:10:57 INFO  [main] Baseclass - chrome Browser Launched Successfully
2026-08-07 21:10:57 INFO  [main] Baseclass - Opening URL : https://opensource-demo.orangehrmlive.com/web/index.php/auth/login
2026-08-07 21:11:00 INFO  [main] Baseclass - Application Opened Successfully
2026-08-07 21:11:03 INFO  [main] Baseclass - ===== LOGGER TEST =====
2026-08-07 21:11:03 INFO  [main] Baseclass - ********** Launching Chrome Browser (headless=false) **********
2026-08-07 21:11:04 INFO  [main] Baseclass - chrome Browser Launched Successfully
2026-08-07 21:11:04 INFO  [main] Baseclass - Opening URL : https://opensource-demo.orangehrmlive.com/web/index.php/auth/login
2026-08-07 21:11:08 INFO  [main] Baseclass - Application Opened Successfully
2026-08-07 21:11:12 INFO  [main] Baseclass - ===== LOGGER TEST =====
2026-08-07 21:11:12 INFO  [main] Baseclass - ********** Launching Chrome Browser (headless=false) **********
2026-08-07 21:11:13 INFO  [main] Baseclass - chrome Browser Launched Successfully
2026-08-07 21:11:13 INFO  [main] Baseclass - Opening URL : https://opensource-demo.orangehrmlive.com/web/index.php/auth/login
2026-08-07 21:11:16 INFO  [main] Baseclass - Application Opened Successfully
2026-08-07 21:11:42 INFO  [main] Baseclass - ===== LOGGER TEST =====
2026-08-07 21:11:42 INFO  [main] Baseclass - ********** Launching Edge Browser (headless=true) **********
2026-08-07 21:11:54 INFO  [main] Baseclass - edge Browser Launched Successfully
2026-08-07 21:11:54 INFO  [main] Baseclass - Opening URL : https://opensource-demo.orangehrmlive.com/web/index.php/auth/login
2026-08-07 21:11:57 INFO  [main] Baseclass - Application Opened Successfully
2026-08-07 21:12:10 INFO  [main] Baseclass - ===== LOGGER TEST =====
2026-08-07 21:12:10 INFO  [main] Baseclass - ********** Launching Edge Browser (headless=true) **********
2026-08-07 21:12:11 INFO  [main] Baseclass - edge Browser Launched Successfully
2026-08-07 21:12:11 INFO  [main] Baseclass - Opening URL : https://opensource-demo.orangehrmlive.com/web/index.php/auth/login
2026-08-07 21:12:14 INFO  [main] Baseclass - Application Opened Successfully
2026-08-07 21:12:26 INFO  [main] Baseclass - ===== LOGGER TEST =====
2026-08-07 21:12:26 INFO  [main] Baseclass - ********** Launching Edge Browser (headless=true) **********
2026-08-07 21:12:28 INFO  [main] Baseclass - edge Browser Launched Successfully
2026-08-07 21:12:28 INFO  [main] Baseclass - Opening URL : https://opensource-demo.orangehrmlive.com/web/index.php/auth/login
2026-08-07 21:13:48 INFO  [main] Baseclass - Application Opened Successfully
2026-08-07 21:13:58 INFO  [main] Baseclass - ===== LOGGER TEST =====
2026-08-07 21:13:58 INFO  [main] Baseclass - ********** Launching Edge Browser (headless=true) **********
2026-08-07 21:14:02 INFO  [main] Baseclass - edge Browser Launched Successfully
2026-08-07 21:14:02 INFO  [main] Baseclass - Opening URL : https://opensource-demo.orangehrmlive.com/web/index.php/auth/login
2026-08-07 21:14:06 INFO  [main] Baseclass - Application Opened Successfully
2026-08-07 21:14:12 INFO  [main] Baseclass - ===== LOGGER TEST =====
2026-08-07 21:14:12 INFO  [main] Baseclass - ********** Launching Edge Browser (headless=true) **********
2026-08-07 21:14:14 INFO  [main] Baseclass - edge Browser Launched Successfully
2026-08-07 21:14:14 INFO  [main] Baseclass - Opening URL : https://opensource-demo.orangehrmlive.com/web/index.php/auth/login
2026-08-07 21:14:16 INFO  [main] Baseclass - Application Opened Successfully
2026-08-07 21:18:04 INFO  [main] Baseclass - ===== LOGGER TEST =====
2026-08-07 21:18:04 INFO  [main] Baseclass - ********** Launching Edge Browser (headless=false) **********
2026-08-07 21:18:07 INFO  [main] Baseclass - edge Browser Launched Successfully
2026-08-07 21:18:07 INFO  [main] Baseclass - Opening URL : https://opensource-demo.orangehrmlive.com/web/index.php/auth/login
2026-08-07 21:18:18 INFO  [main] Baseclass - Application Opened Successfully
2026-08-07 21:18:24 INFO  [main] Baseclass - ===== LOGGER TEST =====
2026-08-07 21:18:24 INFO  [main] Baseclass - ********** Launching Edge Browser (headless=false) **********
2026-08-07 21:18:26 INFO  [main] Baseclass - edge Browser Launched Successfully
2026-08-07 21:18:26 INFO  [main] Baseclass - Opening URL : https://opensource-demo.orangehrmlive.com/web/index.php/auth/login
2026-08-07 21:18:29 INFO  [main] Baseclass - Application Opened Successfully
2026-08-07 21:18:34 INFO  [main] Baseclass - ===== LOGGER TEST =====
2026-08-07 21:18:34 INFO  [main] Baseclass - ********** Launching Edge Browser (headless=false) **********
2026-08-07 21:18:35 INFO  [main] Baseclass - edge Browser Launched Successfully
2026-08-07 21:18:35 INFO  [main] Baseclass - Opening URL : https://opensource-demo.orangehrmlive.com/web/index.php/auth/login
2026-08-07 21:18:39 INFO  [main] Baseclass - Application Opened Successfully
2026-08-07 21:18:44 INFO  [main] Baseclass - ===== LOGGER TEST =====
2026-08-07 21:18:44 INFO  [main] Baseclass - ********** Launching Edge Browser (headless=false) **********
2026-08-07 21:18:45 INFO  [main] Baseclass - edge Browser Launched Successfully
2026-08-07 21:18:45 INFO  [main] Baseclass - Opening URL : https://opensource-demo.orangehrmlive.com/web/index.php/auth/login
2026-08-07 21:18:50 INFO  [main] Baseclass - Application Opened Successfully
2026-08-07 21:19:00 INFO  [main] Baseclass - ===== LOGGER TEST =====
2026-08-07 21:19:00 INFO  [main] Baseclass - ********** Launching Edge Browser (headless=false) **********
2026-08-07 21:19:01 INFO  [main] Baseclass - edge Browser Launched Successfully
2026-08-07 21:19:01 INFO  [main] Baseclass - Opening URL : https://opensource-demo.orangehrmlive.com/web/index.php/auth/login
2026-08-07 21:19:04 INFO  [main] Baseclass - Application Opened Successfully
2026-08-07 21:38:41 INFO  [main] Baseclass - ===== LOGGER TEST =====
2026-08-07 21:38:41 INFO  [main] Baseclass - ********** Launching Edge Browser (headless=false) **********
2026-08-07 21:38:44 INFO  [main] Baseclass - edge Browser Launched Successfully
2026-08-07 21:38:44 INFO  [main] Baseclass - Opening URL : https://opensource-demo.orangehrmlive.com/web/index.php/auth/login
2026-08-07 21:38:47 INFO  [main] Baseclass - Application Opened Successfully
2026-08-07 21:38:47 INFO  [main] Baseclass - Logging in with username from config : Admin
2026-08-07 21:38:51 INFO  [main] Baseclass - Login Successful
2026-08-07 21:38:51 INFO  [main] Baseclass - Current URL : https://opensource-demo.orangehrmlive.com/web/index.php/dashboard/index
2026-08-07 21:38:51 INFO  [main] Baseclass - Page Title : OrangeHRM
2026-08-07 21:38:52 INFO  [main] Baseclass - Clicking on Recruitment Menu
2026-08-07 21:38:55 INFO  [main] Baseclass - Recruitment Page Opened Successfully
2026-08-07 21:38:55 INFO  [main] Baseclass - Clicking on Add Button
2026-08-07 21:38:59 INFO  [main] Baseclass - Add Candidate Page Opened Successfully
2026-08-07 21:38:59 INFO  [main] Baseclass - Entering Candidate Details
2026-08-07 21:39:02 INFO  [main] Baseclass - Generated Email : dnzHq@yopmail.com
2026-08-07 21:39:02 INFO  [main] Baseclass - Candidate Details Entered Successfully
2026-08-07 21:39:02 INFO  [main] Baseclass - Clicking on Save Button
2026-08-07 21:39:03 INFO  [main] Baseclass - Candidate Saved Successfully
2026-08-07 21:39:04 INFO  [main] Baseclass - Browser Closed Successfully
2026-08-07 21:39:04 INFO  [main] Baseclass - ===== LOGGER TEST =====
2026-08-07 21:39:04 INFO  [main] Baseclass - ********** Launching Edge Browser (headless=false) **********
2026-08-07 21:39:06 INFO  [main] Baseclass - edge Browser Launched Successfully
2026-08-07 21:39:06 INFO  [main] Baseclass - Opening URL : https://opensource-demo.orangehrmlive.com/web/index.php/auth/login
2026-08-07 21:39:09 INFO  [main] Baseclass - Application Opened Successfully
2026-08-07 21:39:09 INFO  [main] Baseclass - Logging in with username from config : Admin
2026-08-07 21:39:13 INFO  [main] Baseclass - Login Successful
2026-08-07 21:39:13 INFO  [main] Baseclass - Current URL : https://opensource-demo.orangehrmlive.com/web/index.php/dashboard/index
2026-08-07 21:39:13 INFO  [main] Baseclass - Page Title : OrangeHRM
2026-08-07 21:39:14 INFO  [main] Baseclass - Clicking on Recruitment Menu
2026-08-07 21:39:17 INFO  [main] Baseclass - Recruitment Page Opened Successfully
2026-08-07 21:39:18 INFO  [main] Baseclass - Candidates Page Verified Successfully
2026-08-07 21:39:18 INFO  [main] Baseclass - Selecting Vacancy : Senior QA Lead
2026-08-07 21:39:19 INFO  [main] Baseclass - Clicking on Search Button
2026-08-07 21:39:20 INFO  [main] Baseclass - Search Completed Successfully
2026-08-07 21:39:20 INFO  [main] Baseclass - Candidate Verified Successfully in Search Results
2026-08-07 21:39:20 INFO  [main] Baseclass - Browser Closed Successfully
2026-08-07 21:39:20 INFO  [main] Baseclass - ===== LOGGER TEST =====
2026-08-07 21:39:20 INFO  [main] Baseclass - ********** Launching Edge Browser (headless=false) **********
2026-08-07 21:39:21 INFO  [main] Baseclass - edge Browser Launched Successfully
2026-08-07 21:39:21 INFO  [main] Baseclass - Opening URL : https://opensource-demo.orangehrmlive.com/web/index.php/auth/login
2026-08-07 21:39:35 INFO  [main] Baseclass - Application Opened Successfully
2026-08-07 21:39:35 INFO  [main] Baseclass - Logging in with username from config : Admin
2026-08-07 21:39:37 INFO  [main] Baseclass - Login Successful
2026-08-07 21:39:37 INFO  [main] Baseclass - Current URL : https://opensource-demo.orangehrmlive.com/web/index.php/dashboard/index
2026-08-07 21:39:37 INFO  [main] Baseclass - Page Title : OrangeHRM
2026-08-07 21:39:39 INFO  [main] Baseclass - Logout Successful
2026-08-07 21:39:39 INFO  [main] Baseclass - Browser Closed Successfully
2026-08-07 21:39:39 INFO  [main] Baseclass - ===== LOGGER TEST =====
2026-08-07 21:39:39 INFO  [main] Baseclass - ********** Launching Edge Browser (headless=false) **********
2026-08-07 21:39:40 INFO  [main] Baseclass - edge Browser Launched Successfully
2026-08-07 21:39:40 INFO  [main] Baseclass - Opening URL : https://opensource-demo.orangehrmlive.com/web/index.php/auth/login
2026-08-07 21:39:55 INFO  [main] Baseclass - Application Opened Successfully
2026-08-07 21:39:56 INFO  [main] Baseclass - Login Successful
2026-08-07 21:39:56 INFO  [main] Baseclass - Current URL : https://opensource-demo.orangehrmlive.com/web/index.php/dashboard/index
2026-08-07 21:39:56 INFO  [main] Baseclass - Page Title : OrangeHRM
2026-08-07 21:39:58 INFO  [main] Baseclass - Logout Successful
2026-08-07 21:39:58 INFO  [main] Baseclass - Browser Closed Successfully
2026-08-07 21:39:58 INFO  [main] Baseclass - ===== LOGGER TEST =====
2026-08-07 21:39:58 INFO  [main] Baseclass - ********** Launching Edge Browser (headless=false) **********
2026-08-07 21:39:59 INFO  [main] Baseclass - edge Browser Launched Successfully
2026-08-07 21:39:59 INFO  [main] Baseclass - Opening URL : https://opensource-demo.orangehrmlive.com/web/index.php/auth/login
2026-08-07 21:40:02 INFO  [main] Baseclass - Application Opened Successfully
2026-08-07 21:40:03 INFO  [main] Baseclass - Login Successful
2026-08-07 21:40:03 INFO  [main] Baseclass - Current URL : https://opensource-demo.orangehrmlive.com/web/index.php/auth/login
2026-08-07 21:40:03 INFO  [main] Baseclass - Page Title : OrangeHRM
2026-08-07 21:54:03 INFO  [main] Baseclass - ===== LOGGER TEST =====
2026-08-07 21:54:03 INFO  [main] Baseclass - ********** Launching Edge Browser (headless=false) **********
2026-08-07 21:54:06 INFO  [main] Baseclass - edge Browser Launched Successfully
2026-08-07 21:54:06 INFO  [main] Baseclass - Opening URL : https://opensource-demo.orangehrmlive.com/web/index.php/auth/login
2026-08-07 21:54:10 INFO  [main] Baseclass - Application Opened Successfully
2026-08-07 21:54:10 INFO  [main] Baseclass - Logging in with username from config : Admin
2026-08-07 21:54:12 INFO  [main] Baseclass - Login Successful
2026-08-07 21:54:12 INFO  [main] Baseclass - Current URL : https://opensource-demo.orangehrmlive.com/web/index.php/dashboard/index
2026-08-07 21:54:12 INFO  [main] Baseclass - Page Title : OrangeHRM
2026-08-07 21:54:12 INFO  [main] Baseclass - Clicking on Recruitment Menu
2026-08-07 21:54:13 INFO  [main] Baseclass - Recruitment Page Opened Successfully
2026-08-07 21:54:13 INFO  [main] Baseclass - Clicking on Add Button
2026-08-07 21:54:15 INFO  [main] Baseclass - Add Candidate Page Opened Successfully
2026-08-07 21:54:15 INFO  [main] Baseclass - Entering Candidate Details
2026-08-07 21:54:15 INFO  [main] Baseclass - Generated Email : UTAwe@yopmail.com
2026-08-07 21:54:16 INFO  [main] Baseclass - Candidate Details Entered Successfully
2026-08-07 21:54:16 INFO  [main] Baseclass - Clicking on Save Button
2026-08-07 21:54:16 INFO  [main] Baseclass - Candidate Saved Successfully
2026-08-07 21:54:17 INFO  [main] Baseclass - Browser Closed Successfully
2026-08-08 13:56:56 INFO  [main] Baseclass - ===== LOGGER TEST =====
2026-08-08 13:56:56 INFO  [main] Baseclass - ********** Launching Edge Browser (headless=false) **********
2026-08-08 13:57:14 INFO  [main] Baseclass - edge Browser Launched Successfully
2026-08-08 13:57:14 INFO  [main] Baseclass - Opening URL : https://opensource-demo.orangehrmlive.com/web/index.php/auth/login
2026-08-08 13:57:17 INFO  [main] Baseclass - Application Opened Successfully
2026-08-08 13:57:17 INFO  [main] Baseclass - Logging in with username from config : Admin
2026-08-08 13:57:20 INFO  [main] Baseclass - Login Successful
2026-08-08 13:57:20 INFO  [main] Baseclass - Current URL : https://opensource-demo.orangehrmlive.com/web/index.php/dashboard/index
2026-08-08 13:57:20 INFO  [main] Baseclass - Page Title : OrangeHRM
2026-08-08 13:57:22 INFO  [main] Baseclass - Clicking on Recruitment Menu
2026-08-08 13:57:23 INFO  [main] Baseclass - ===== LOGGER TEST =====
2026-08-08 13:57:23 INFO  [main] Baseclass - ********** Launching Edge Browser (headless=false) **********
2026-08-08 13:57:24 INFO  [main] Baseclass - edge Browser Launched Successfully
2026-08-08 13:57:24 INFO  [main] Baseclass - Opening URL : https://opensource-demo.orangehrmlive.com/web/index.php/auth/login
2026-08-08 13:57:27 INFO  [main] Baseclass - Application Opened Successfully
2026-08-08 13:57:27 INFO  [main] Baseclass - Logging in with username from config : Admin
2026-08-08 13:57:28 INFO  [main] Baseclass - Login Successful
2026-08-08 13:57:28 INFO  [main] Baseclass - Current URL : https://opensource-demo.orangehrmlive.com/web/index.php/auth/login
2026-08-08 13:57:28 INFO  [main] Baseclass - Page Title : OrangeHRM
2026-08-08 13:57:30 INFO  [main] Baseclass - Clicking on Recruitment Menu
2026-08-08 13:57:30 INFO  [main] Baseclass - ===== LOGGER TEST =====
2026-08-08 13:57:30 INFO  [main] Baseclass - ********** Launching Edge Browser (headless=false) **********
2026-08-08 13:57:33 INFO  [main] Baseclass - edge Browser Launched Successfully
2026-08-08 13:57:33 INFO  [main] Baseclass - Opening URL : https://opensource-demo.orangehrmlive.com/web/index.php/auth/login
2026-08-08 13:57:34 INFO  [main] Baseclass - Application Opened Successfully
2026-08-08 13:57:34 INFO  [main] Baseclass - Logging in with username from config : Admin
2026-08-08 13:57:46 INFO  [main] Baseclass - Login Successful
2026-08-08 13:57:46 INFO  [main] Baseclass - Current URL : https://opensource-demo.orangehrmlive.com/web/index.php/dashboard/index
2026-08-08 13:57:46 INFO  [main] Baseclass - Page Title : OrangeHRM
2026-08-08 13:57:49 INFO  [main] Baseclass - Logout Successful
2026-08-08 13:57:51 INFO  [main] Baseclass - Browser Closed Successfully
2026-08-08 13:57:51 INFO  [main] Baseclass - ===== LOGGER TEST =====
2026-08-08 13:57:51 INFO  [main] Baseclass - ********** Launching Edge Browser (headless=false) **********
2026-08-08 13:57:57 INFO  [main] Baseclass - edge Browser Launched Successfully
2026-08-08 13:57:57 INFO  [main] Baseclass - Opening URL : https://opensource-demo.orangehrmlive.com/web/index.php/auth/login
2026-08-08 13:58:06 INFO  [main] Baseclass - Application Opened Successfully
2026-08-08 13:58:09 INFO  [main] Baseclass - Login Successful
2026-08-08 13:58:09 INFO  [main] Baseclass - Current URL : https://opensource-demo.orangehrmlive.com/web/index.php/auth/login
2026-08-08 13:58:09 INFO  [main] Baseclass - Page Title : OrangeHRM
2026-08-08 13:58:20 INFO  [main] Baseclass - Logout Successful
2026-08-08 13:58:24 INFO  [main] Baseclass - Browser Closed Successfully
2026-08-08 13:58:24 INFO  [main] Baseclass - ===== LOGGER TEST =====
2026-08-08 13:58:24 INFO  [main] Baseclass - ********** Launching Edge Browser (headless=false) **********
2026-08-08 13:58:26 INFO  [main] Baseclass - edge Browser Launched Successfully
2026-08-08 13:58:26 INFO  [main] Baseclass - Opening URL : https://opensource-demo.orangehrmlive.com/web/index.php/auth/login
2026-08-08 13:58:29 INFO  [main] Baseclass - Application Opened Successfully
2026-08-08 13:58:29 INFO  [main] Baseclass - Login Successful
2026-08-08 13:58:29 INFO  [main] Baseclass - Current URL : https://opensource-demo.orangehrmlive.com/web/index.php/auth/login
2026-08-08 13:58:29 INFO  [main] Baseclass - Page Title : OrangeHRM
2026-08-08 14:06:57 INFO  [main] Baseclass - ===== LOGGER TEST =====
2026-08-08 14:06:57 INFO  [main] Baseclass - ********** Launching Edge Browser (headless=false) **********
2026-08-08 14:07:02 INFO  [main] Baseclass - edge Browser Launched Successfully
2026-08-08 14:07:02 INFO  [main] Baseclass - Opening URL : https://opensource-demo.orangehrmlive.com/web/index.php/auth/login
2026-08-08 14:07:05 INFO  [main] Baseclass - Application Opened Successfully
2026-08-08 14:07:05 INFO  [main] Baseclass - Logging in with username from config : Admin
2026-08-08 14:07:06 INFO  [main] Baseclass - Login Successful
2026-08-08 14:07:07 INFO  [main] Baseclass - Current URL : https://opensource-demo.orangehrmlive.com/web/index.php/dashboard/index
2026-08-08 14:07:07 INFO  [main] Baseclass - Page Title : OrangeHRM
2026-08-08 14:07:08 INFO  [main] Baseclass - Clicking on Recruitment Menu
2026-08-08 14:07:10 INFO  [main] Baseclass - Recruitment Page Opened Successfully
2026-08-08 14:07:10 INFO  [main] Baseclass - Clicking on Add Button
2026-08-08 14:07:11 INFO  [main] Baseclass - Add Candidate Page Opened Successfully
2026-08-08 14:07:11 INFO  [main] Baseclass - Entering Candidate Details
2026-08-08 14:07:11 INFO  [main] Baseclass - Generated Email : VnAXI@yopmail.com
2026-08-08 14:07:12 INFO  [main] Baseclass - Candidate Details Entered Successfully
2026-08-08 14:07:12 INFO  [main] Baseclass - Clicking on Save Button
2026-08-08 14:07:12 INFO  [main] Baseclass - Candidate Saved Successfully
2026-08-08 14:07:16 INFO  [main] Baseclass - Browser Closed Successfully
2026-08-08 14:07:16 INFO  [main] Baseclass - ===== LOGGER TEST =====
2026-08-08 14:07:16 INFO  [main] Baseclass - ********** Launching Edge Browser (headless=false) **********
2026-08-08 14:07:21 INFO  [main] Baseclass - edge Browser Launched Successfully
2026-08-08 14:07:21 INFO  [main] Baseclass - Opening URL : https://opensource-demo.orangehrmlive.com/web/index.php/auth/login
2026-08-08 14:07:24 INFO  [main] Baseclass - Application Opened Successfully
2026-08-08 14:07:24 INFO  [main] Baseclass - Logging in with username from config : Admin
2026-08-08 14:07:25 INFO  [main] Baseclass - Login Successful
2026-08-08 14:07:25 INFO  [main] Baseclass - Current URL : https://opensource-demo.orangehrmlive.com/web/index.php/auth/login
2026-08-08 14:07:25 INFO  [main] Baseclass - Page Title : OrangeHRM
2026-08-08 14:07:28 INFO  [main] Baseclass - Clicking on Recruitment Menu
2026-08-08 14:07:30 INFO  [main] Baseclass - Recruitment Page Opened Successfully
2026-08-08 14:07:30 INFO  [main] Baseclass - Candidates Page Verified Successfully
2026-08-08 14:07:30 INFO  [main] Baseclass - Selecting Vacancy : Senior QA Lead
2026-08-08 14:07:30 INFO  [main] Baseclass - Clicking on Search Button
2026-08-08 14:07:30 INFO  [main] Baseclass - Search Completed Successfully
2026-08-08 14:07:31 INFO  [main] Baseclass - Candidate Verified Successfully in Search Results
2026-08-08 14:07:33 INFO  [main] Baseclass - Browser Closed Successfully
2026-08-08 14:07:33 INFO  [main] Baseclass - ===== LOGGER TEST =====
2026-08-08 14:07:33 INFO  [main] Baseclass - ********** Launching Edge Browser (headless=false) **********
2026-08-08 14:07:39 INFO  [main] Baseclass - edge Browser Launched Successfully
2026-08-08 14:07:39 INFO  [main] Baseclass - Opening URL : https://opensource-demo.orangehrmlive.com/web/index.php/auth/login
2026-08-08 14:07:42 INFO  [main] Baseclass - Application Opened Successfully
2026-08-08 14:07:42 INFO  [main] Baseclass - Logging in with username from config : Admin
2026-08-08 14:07:44 INFO  [main] Baseclass - Login Successful
2026-08-08 14:07:44 INFO  [main] Baseclass - Current URL : https://opensource-demo.orangehrmlive.com/web/index.php/dashboard/index
2026-08-08 14:07:44 INFO  [main] Baseclass - Page Title : OrangeHRM
2026-08-08 14:07:45 INFO  [main] Baseclass - Logout Successful
2026-08-08 14:07:46 INFO  [main] Baseclass - Browser Closed Successfully
2026-08-08 14:07:46 INFO  [main] Baseclass - ===== LOGGER TEST =====
2026-08-08 14:07:46 INFO  [main] Baseclass - ********** Launching Edge Browser (headless=false) **********
2026-08-08 14:07:47 INFO  [main] Baseclass - edge Browser Launched Successfully
2026-08-08 14:07:47 INFO  [main] Baseclass - Opening URL : https://opensource-demo.orangehrmlive.com/web/index.php/auth/login
2026-08-08 14:07:50 INFO  [main] Baseclass - Application Opened Successfully
2026-08-08 14:07:51 INFO  [main] Baseclass - Login Successful
2026-08-08 14:07:51 INFO  [main] Baseclass - Current URL : https://opensource-demo.orangehrmlive.com/web/index.php/dashboard/index
2026-08-08 14:07:51 INFO  [main] Baseclass - Page Title : OrangeHRM
2026-08-08 14:07:53 INFO  [main] Baseclass - Logout Successful
2026-08-08 14:07:53 INFO  [main] Baseclass - Browser Closed Successfully
2026-08-08 14:07:53 INFO  [main] Baseclass - ===== LOGGER TEST =====
2026-08-08 14:07:53 INFO  [main] Baseclass - ********** Launching Edge Browser (headless=false) **********
2026-08-08 14:07:54 INFO  [main] Baseclass - edge Browser Launched Successfully
2026-08-08 14:07:54 INFO  [main] Baseclass - Opening URL : https://opensource-demo.orangehrmlive.com/web/index.php/auth/login
2026-08-08 14:07:57 INFO  [main] Baseclass - Application Opened Successfully
2026-08-08 14:07:57 INFO  [main] Baseclass - Login Successful
2026-08-08 14:07:57 INFO  [main] Baseclass - Current URL : https://opensource-demo.orangehrmlive.com/web/index.php/auth/login
2026-08-08 14:07:57 INFO  [main] Baseclass - Page Title : OrangeHRM
2026-08-08 14:40:26 INFO  [main] Baseclass - ===== LOGGER TEST =====
2026-08-08 14:40:26 INFO  [main] Baseclass - ********** Launching Edge Browser (headless=false) **********
2026-08-08 14:40:30 INFO  [main] Baseclass - edge Browser Launched Successfully
2026-08-08 14:40:30 INFO  [main] Baseclass - Opening URL : https://opensource-demo.orangehrmlive.com/web/index.php/auth/login
2026-08-08 14:40:33 INFO  [main] Baseclass - Application Opened Successfully
2026-08-08 14:40:33 INFO  [main] Baseclass - Logging in with username from config : Admin
2026-08-08 14:40:35 INFO  [main] Baseclass - Login Successful
2026-08-08 14:40:35 INFO  [main] Baseclass - Current URL : https://opensource-demo.orangehrmlive.com/web/index.php/dashboard/index
2026-08-08 14:40:35 INFO  [main] Baseclass - Page Title : OrangeHRM
2026-08-08 14:40:37 INFO  [main] Baseclass - Logout Successful
2026-08-08 14:40:37 INFO  [main] Baseclass - Browser Closed Successfully
2026-08-08 14:41:52 INFO  [main] Baseclass - ===== LOGGER TEST =====
2026-08-08 14:41:52 INFO  [main] Baseclass - ********** Launching Edge Browser (headless=false) **********
2026-08-08 14:41:57 INFO  [main] Baseclass - edge Browser Launched Successfully
2026-08-08 14:41:57 INFO  [main] Baseclass - Opening URL : https://opensource-demo.orangehrmlive.com/web/index.php/auth/login
2026-08-08 14:42:00 INFO  [main] Baseclass - Application Opened Successfully
2026-08-08 14:42:00 INFO  [main] Baseclass - Logging in with username from config : Admin
2026-08-08 14:42:02 INFO  [main] Baseclass - Login Successful
2026-08-08 14:42:02 INFO  [main] Baseclass - Current URL : https://opensource-demo.orangehrmlive.com/web/index.php/dashboard/index
2026-08-08 14:42:02 INFO  [main] Baseclass - Page Title : OrangeHRM
2026-08-08 14:42:03 INFO  [main] Baseclass - Clicking on Recruitment Menu
2026-08-08 14:42:04 INFO  [main] Baseclass - Recruitment Page Opened Successfully
2026-08-08 14:42:04 INFO  [main] Baseclass - Clicking on Add Button
2026-08-08 14:42:05 INFO  [main] Baseclass - Add Candidate Page Opened Successfully
2026-08-08 14:42:05 INFO  [main] Baseclass - Entering Candidate Details
2026-08-08 14:42:07 INFO  [main] Baseclass - Generated Email : MuWhv@yopmail.com
2026-08-08 14:42:07 INFO  [main] Baseclass - Candidate Details Entered Successfully
2026-08-08 14:42:07 INFO  [main] Baseclass - Clicking on Save Button
2026-08-08 14:42:08 INFO  [main] Baseclass - Candidate Saved Successfully
2026-08-08 14:42:13 INFO  [main] Baseclass - Browser Closed Successfully
2026-08-08 14:42:14 INFO  [main] Baseclass - ===== LOGGER TEST =====
2026-08-08 14:42:14 INFO  [main] Baseclass - ********** Launching Edge Browser (headless=false) **********
2026-08-08 14:42:17 INFO  [main] Baseclass - edge Browser Launched Successfully
2026-08-08 14:42:17 INFO  [main] Baseclass - Opening URL : https://opensource-demo.orangehrmlive.com/web/index.php/auth/login
2026-08-08 14:42:20 INFO  [main] Baseclass - Application Opened Successfully
2026-08-08 14:42:20 INFO  [main] Baseclass - Logging in with username from config : Admin
2026-08-08 14:42:23 INFO  [main] Baseclass - Login Successful
2026-08-08 14:42:23 INFO  [main] Baseclass - Current URL : https://opensource-demo.orangehrmlive.com/web/index.php/dashboard/index
2026-08-08 14:42:23 INFO  [main] Baseclass - Page Title : OrangeHRM
2026-08-08 14:42:23 INFO  [main] Baseclass - Clicking on Recruitment Menu
2026-08-08 14:42:25 INFO  [main] Baseclass - Recruitment Page Opened Successfully
2026-08-08 14:42:25 INFO  [main] Baseclass - Candidates Page Verified Successfully
2026-08-08 14:42:25 INFO  [main] Baseclass - Selecting Vacancy : Senior QA Lead
2026-08-08 14:42:26 INFO  [main] Baseclass - Clicking on Search Button
2026-08-08 14:42:26 INFO  [main] Baseclass - Search Completed Successfully
2026-08-08 14:42:27 INFO  [main] Baseclass - Candidate Verified Successfully in Search Results
2026-08-08 14:42:27 INFO  [main] Baseclass - Browser Closed Successfully
2026-08-08 14:42:27 INFO  [main] Baseclass - ===== LOGGER TEST =====
2026-08-08 14:42:27 INFO  [main] Baseclass - ********** Launching Edge Browser (headless=false) **********
2026-08-08 14:42:30 INFO  [main] Baseclass - edge Browser Launched Successfully
2026-08-08 14:42:30 INFO  [main] Baseclass - Opening URL : https://opensource-demo.orangehrmlive.com/web/index.php/auth/login
2026-08-08 14:46:04 INFO  [main] Baseclass - ===== LOGGER TEST =====
2026-08-08 14:46:04 INFO  [main] Baseclass - ********** Launching Edge Browser (headless=false) **********
2026-08-08 14:46:08 INFO  [main] Baseclass - edge Browser Launched Successfully
2026-08-08 14:46:08 INFO  [main] Baseclass - Opening URL : https://opensource-demo.orangehrmlive.com/web/index.php/auth/login
2026-08-08 14:46:10 INFO  [main] Baseclass - Application Opened Successfully
2026-08-08 14:46:10 INFO  [main] Baseclass - Logging in with username from config : Admin
2026-08-08 14:46:12 INFO  [main] Baseclass - Login Successful
2026-08-08 14:46:12 INFO  [main] Baseclass - Current URL : https://opensource-demo.orangehrmlive.com/web/index.php/dashboard/index
2026-08-08 14:46:12 INFO  [main] Baseclass - Page Title : OrangeHRM
2026-08-08 14:46:13 INFO  [main] Baseclass - Clicking on Recruitment Menu
2026-08-08 14:46:14 INFO  [main] Baseclass - Recruitment Page Opened Successfully
2026-08-08 14:46:14 INFO  [main] Baseclass - Clicking on Add Button
2026-08-08 14:46:15 INFO  [main] Baseclass - Add Candidate Page Opened Successfully
2026-08-08 14:46:15 INFO  [main] Baseclass - Entering Candidate Details
2026-08-08 14:46:15 INFO  [main] Baseclass - Generated Email : zUaDn@yopmail.com
2026-08-08 14:46:16 INFO  [main] Baseclass - Candidate Details Entered Successfully
2026-08-08 14:46:16 INFO  [main] Baseclass - Clicking on Save Button
2026-08-08 14:46:16 INFO  [main] Baseclass - Candidate Saved Successfully
2026-08-08 14:46:17 INFO  [main] Baseclass - Browser Closed Successfully
2026-08-08 14:46:17 INFO  [main] Baseclass - ===== LOGGER TEST =====
2026-08-08 14:46:17 INFO  [main] Baseclass - ********** Launching Edge Browser (headless=false) **********
2026-08-08 14:46:18 INFO  [main] Baseclass - edge Browser Launched Successfully
2026-08-08 14:46:18 INFO  [main] Baseclass - Opening URL : https://opensource-demo.orangehrmlive.com/web/index.php/auth/login
2026-08-08 14:46:19 INFO  [main] Baseclass - Application Opened Successfully
2026-08-08 14:46:19 INFO  [main] Baseclass - Logging in with username from config : Admin
2026-08-08 14:46:23 INFO  [main] Baseclass - Login Successful
2026-08-08 14:46:24 INFO  [main] Baseclass - Current URL : https://opensource-demo.orangehrmlive.com/web/index.php/dashboard/index
2026-08-08 14:46:24 INFO  [main] Baseclass - Page Title : OrangeHRM
2026-08-08 14:46:24 INFO  [main] Baseclass - Clicking on Recruitment Menu
2026-08-08 14:46:25 INFO  [main] Baseclass - Recruitment Page Opened Successfully
2026-08-08 14:46:26 INFO  [main] Baseclass - Candidates Page Verified Successfully
2026-08-08 14:46:26 INFO  [main] Baseclass - Selecting Vacancy : Senior QA Lead
2026-08-08 14:46:26 INFO  [main] Baseclass - Clicking on Search Button
2026-08-08 14:46:26 INFO  [main] Baseclass - Search Completed Successfully
2026-08-08 14:46:26 INFO  [main] Baseclass - Candidate Verified Successfully in Search Results
2026-08-08 14:46:27 INFO  [main] Baseclass - Browser Closed Successfully
2026-08-08 14:46:27 INFO  [main] Baseclass - ===== LOGGER TEST =====
2026-08-08 14:46:27 INFO  [main] Baseclass - ********** Launching Edge Browser (headless=false) **********
2026-08-08 14:46:28 INFO  [main] Baseclass - edge Browser Launched Successfully
2026-08-08 14:46:28 INFO  [main] Baseclass - Opening URL : https://opensource-demo.orangehrmlive.com/web/index.php/auth/login
2026-08-08 14:46:30 INFO  [main] Baseclass - Application Opened Successfully
2026-08-08 14:46:30 INFO  [main] Baseclass - Logging in with username from config : Admin
2026-08-08 14:46:32 INFO  [main] Baseclass - Login Successful
2026-08-08 14:46:32 INFO  [main] Baseclass - Current URL : https://opensource-demo.orangehrmlive.com/web/index.php/dashboard/index
2026-08-08 14:46:32 INFO  [main] Baseclass - Page Title : OrangeHRM
2026-08-08 14:46:33 INFO  [main] Baseclass - Logout Successful
2026-08-08 14:46:34 INFO  [main] Baseclass - Browser Closed Successfully
2026-08-08 14:46:34 INFO  [main] Baseclass - ===== LOGGER TEST =====
2026-08-08 14:46:34 INFO  [main] Baseclass - ********** Launching Edge Browser (headless=false) **********
2026-08-08 14:46:35 INFO  [main] Baseclass - edge Browser Launched Successfully
2026-08-08 14:46:35 INFO  [main] Baseclass - Opening URL : https://opensource-demo.orangehrmlive.com/web/index.php/auth/login
2026-08-08 14:46:36 INFO  [main] Baseclass - Application Opened Successfully
2026-08-08 14:46:43 INFO  [main] Baseclass - Login Successful
2026-08-08 14:46:43 INFO  [main] Baseclass - Current URL : https://opensource-demo.orangehrmlive.com/web/index.php/auth/login
2026-08-08 14:46:43 INFO  [main] Baseclass - Page Title : OrangeHRM
2026-08-08 14:46:46 INFO  [main] Baseclass - Logout Successful
2026-08-08 14:46:46 INFO  [main] Baseclass - Browser Closed Successfully
2026-08-08 14:46:46 INFO  [main] Baseclass - ===== LOGGER TEST =====
2026-08-08 14:46:46 INFO  [main] Baseclass - ********** Launching Edge Browser (headless=false) **********
2026-08-08 14:46:48 INFO  [main] Baseclass - edge Browser Launched Successfully
2026-08-08 14:46:48 INFO  [main] Baseclass - Opening URL : https://opensource-demo.orangehrmlive.com/web/index.php/auth/login
2026-08-08 14:46:49 INFO  [main] Baseclass - Application Opened Successfully
2026-08-08 14:46:53 INFO  [main] Baseclass - Login Successful
2026-08-08 14:46:53 INFO  [main] Baseclass - Current URL : https://opensource-demo.orangehrmlive.com/web/index.php/auth/login
2026-08-08 14:46:53 INFO  [main] Baseclass - Page Title : OrangeHRM
2026-08-08 14:49:53 INFO  [main] Baseclass - ===== LOGGER TEST =====
2026-08-08 14:49:53 INFO  [main] Baseclass - ********** Launching Edge Browser (headless=false) **********
2026-08-08 14:49:55 INFO  [main] Baseclass - edge Browser Launched Successfully
2026-08-08 14:49:55 INFO  [main] Baseclass - Opening URL : https://opensource-demo.orangehrmlive.com/web/index.php/auth/login
2026-08-08 14:49:59 INFO  [main] Baseclass - Application Opened Successfully
2026-08-08 14:50:00 INFO  [main] Baseclass - Login Successful
2026-08-08 14:50:00 INFO  [main] Baseclass - Current URL : https://opensource-demo.orangehrmlive.com/web/index.php/dashboard/index
2026-08-08 14:50:00 INFO  [main] Baseclass - Page Title : OrangeHRM
2026-08-08 14:50:02 INFO  [main] Baseclass - Logout Successful
2026-08-08 14:50:02 INFO  [main] Baseclass - Browser Closed Successfully
2026-08-08 14:50:02 INFO  [main] Baseclass - ===== LOGGER TEST =====
2026-08-08 14:50:02 INFO  [main] Baseclass - ********** Launching Edge Browser (headless=false) **********
2026-08-08 14:50:03 INFO  [main] Baseclass - edge Browser Launched Successfully
2026-08-08 14:50:03 INFO  [main] Baseclass - Opening URL : https://opensource-demo.orangehrmlive.com/web/index.php/auth/login
2026-08-08 14:50:06 INFO  [main] Baseclass - Application Opened Successfully
2026-08-08 14:50:07 INFO  [main] Baseclass - Login Successful
2026-08-08 14:50:07 INFO  [main] Baseclass - Current URL : https://opensource-demo.orangehrmlive.com/web/index.php/auth/login
2026-08-08 14:50:07 INFO  [main] Baseclass - Page Title : OrangeHRM
2026-08-08 14:52:39 INFO  [main] Baseclass - ===== LOGGER TEST =====
2026-08-08 14:52:39 INFO  [main] Baseclass - ********** Launching Edge Browser (headless=false) **********
2026-08-08 14:52:43 INFO  [main] Baseclass - edge Browser Launched Successfully
2026-08-08 14:52:43 INFO  [main] Baseclass - Opening URL : https://opensource-demo.orangehrmlive.com/web/index.php/auth/login
2026-08-08 14:52:46 INFO  [main] Baseclass - Application Opened Successfully
2026-08-08 14:52:48 INFO  [main] Baseclass - Login Successful
2026-08-08 14:52:48 INFO  [main] Baseclass - Current URL : https://opensource-demo.orangehrmlive.com/web/index.php/dashboard/index
2026-08-08 14:52:48 INFO  [main] Baseclass - Page Title : OrangeHRM
2026-08-08 14:52:50 INFO  [main] Baseclass - Logout Successful
2026-08-08 14:52:53 INFO  [main] Baseclass - Browser Closed Successfully
2026-08-08 14:52:53 INFO  [main] Baseclass - ===== LOGGER TEST =====
2026-08-08 14:52:53 INFO  [main] Baseclass - ********** Launching Edge Browser (headless=false) **********
2026-08-08 14:52:55 INFO  [main] Baseclass - edge Browser Launched Successfully
2026-08-08 14:52:55 INFO  [main] Baseclass - Opening URL : https://opensource-demo.orangehrmlive.com/web/index.php/auth/login
2026-08-08 14:52:58 INFO  [main] Baseclass - Application Opened Successfully
2026-08-08 14:53:00 INFO  [main] Baseclass - Login Successful
2026-08-08 14:53:00 INFO  [main] Baseclass - Current URL : https://opensource-demo.orangehrmlive.com/web/index.php/auth/login
2026-08-08 14:53:00 INFO  [main] Baseclass - Page Title : OrangeHRM
2026-08-08 14:55:15 INFO  [main] Baseclass - ===== LOGGER TEST =====
2026-08-08 14:55:15 INFO  [main] Baseclass - ********** Launching Edge Browser (headless=false) **********
2026-08-08 14:55:19 INFO  [main] Baseclass - edge Browser Launched Successfully
2026-08-08 14:55:19 INFO  [main] Baseclass - Opening URL : https://opensource-demo.orangehrmlive.com/web/index.php/auth/login
2026-08-08 14:55:23 INFO  [main] Baseclass - Application Opened Successfully
2026-08-08 14:55:24 INFO  [main] Baseclass - Login Successful
2026-08-08 14:55:25 INFO  [main] Baseclass - Current URL : https://opensource-demo.orangehrmlive.com/web/index.php/dashboard/index
2026-08-08 14:55:25 INFO  [main] Baseclass - Page Title : OrangeHRM
2026-08-08 14:55:26 INFO  [main] Baseclass - Logout Successful
2026-08-08 14:55:28 INFO  [main] Baseclass - Browser Closed Successfully
2026-08-08 14:55:28 INFO  [main] Baseclass - ===== LOGGER TEST =====
2026-08-08 14:55:28 INFO  [main] Baseclass - ********** Launching Edge Browser (headless=false) **********
2026-08-08 14:55:29 INFO  [main] Baseclass - edge Browser Launched Successfully
2026-08-08 14:55:29 INFO  [main] Baseclass - Opening URL : https://opensource-demo.orangehrmlive.com/web/index.php/auth/login
2026-08-08 14:55:30 INFO  [main] Baseclass - Application Opened Successfully
2026-08-08 14:55:34 INFO  [main] Baseclass - Login Successful
2026-08-08 14:55:34 INFO  [main] Baseclass - Current URL : https://opensource-demo.orangehrmlive.com/web/index.php/auth/login
2026-08-08 14:55:34 INFO  [main] Baseclass - Page Title : OrangeHRM
2026-09-20 20:27:11 INFO  [main] Baseclass - ===== LOGGER TEST =====
2026-09-20 20:27:11 INFO  [main] Baseclass - ********** Launching Edge Browser (headless=false) **********
2026-09-20 20:27:18 INFO  [main] Baseclass - edge Browser Launched Successfully
2026-09-20 20:27:18 INFO  [main] Baseclass - Opening URL : https://opensource-demo.orangehrmlive.com/web/index.php/auth/login
2026-09-20 20:27:21 INFO  [main] Baseclass - Application Opened Successfully
2026-09-20 20:27:21 INFO  [main] Baseclass - Logging in with username from config : Admin
2026-09-20 20:27:23 INFO  [main] Baseclass - Login Successful
2026-09-20 20:27:23 INFO  [main] Baseclass - Current URL : https://opensource-demo.orangehrmlive.com/web/index.php/dashboard/index
2026-09-20 20:27:23 INFO  [main] Baseclass - Page Title : OrangeHRM
2026-09-20 20:27:23 INFO  [main] Baseclass - Clicking on Recruitment Menu
2026-09-20 20:27:25 INFO  [main] Baseclass - Recruitment Page Opened Successfully
2026-09-20 20:27:25 INFO  [main] Baseclass - Clicking on Add Button
2026-09-20 20:27:26 INFO  [main] Baseclass - Add Candidate Page Opened Successfully
2026-09-20 20:27:26 INFO  [main] Baseclass - Entering Candidate Details
2026-09-20 20:27:27 INFO  [main] Baseclass - Generated Email : nEhGw@yopmail.com
2026-09-20 20:27:27 INFO  [main] Baseclass - Candidate Details Entered Successfully
2026-09-20 20:27:27 INFO  [main] Baseclass - Clicking on Save Button
2026-09-20 20:27:28 INFO  [main] Baseclass - Candidate Saved Successfully
2026-09-20 20:27:28 INFO  [main] Baseclass - Browser Closed Successfully
2026-09-20 20:27:29 INFO  [main] Baseclass - ===== LOGGER TEST =====
2026-09-20 20:27:29 INFO  [main] Baseclass - ********** Launching Edge Browser (headless=false) **********
2026-09-20 20:27:31 INFO  [main] Baseclass - edge Browser Launched Successfully
2026-09-20 20:27:31 INFO  [main] Baseclass - Opening URL : https://opensource-demo.orangehrmlive.com/web/index.php/auth/login
2026-09-20 20:27:35 INFO  [main] Baseclass - Application Opened Successfully
2026-09-20 20:27:35 INFO  [main] Baseclass - Logging in with username from config : Admin
2026-09-20 20:27:37 INFO  [main] Baseclass - Login Successful
2026-09-20 20:27:37 INFO  [main] Baseclass - Current URL : https://opensource-demo.orangehrmlive.com/web/index.php/dashboard/index
2026-09-20 20:27:37 INFO  [main] Baseclass - Page Title : OrangeHRM
2026-09-20 20:27:38 INFO  [main] Baseclass - Clicking on Recruitment Menu
2026-09-20 20:27:39 INFO  [main] Baseclass - Recruitment Page Opened Successfully
2026-09-20 20:27:39 INFO  [main] Baseclass - Candidates Page Verified Successfully
2026-09-20 20:27:39 INFO  [main] Baseclass - Selecting Vacancy : Senior QA Lead
2026-09-20 20:27:40 INFO  [main] Baseclass - Clicking on Search Button
2026-09-20 20:27:40 INFO  [main] Baseclass - Search Completed Successfully
2026-09-20 20:27:40 INFO  [main] Baseclass - Candidate Verified Successfully in Search Results
2026-09-20 20:27:41 INFO  [main] Baseclass - Browser Closed Successfully
2026-09-20 20:27:41 INFO  [main] Baseclass - ===== LOGGER TEST =====
2026-09-20 20:27:41 INFO  [main] Baseclass - ********** Launching Edge Browser (headless=false) **********
2026-09-20 20:27:42 INFO  [main] Baseclass - edge Browser Launched Successfully
2026-09-20 20:27:42 INFO  [main] Baseclass - Opening URL : https://opensource-demo.orangehrmlive.com/web/index.php/auth/login
2026-09-20 20:27:45 INFO  [main] Baseclass - Application Opened Successfully
2026-09-20 20:27:45 INFO  [main] Baseclass - Logging in with username from config : Admin
2026-09-20 20:27:46 INFO  [main] Baseclass - Login Successful
2026-09-20 20:27:46 INFO  [main] Baseclass - Current URL : https://opensource-demo.orangehrmlive.com/web/index.php/dashboard/index
2026-09-20 20:27:46 INFO  [main] Baseclass - Page Title : OrangeHRM
2026-09-20 20:27:48 INFO  [main] Baseclass - Logout Successful
2026-09-20 20:27:49 INFO  [main] Baseclass - Browser Closed Successfully
2026-09-20 20:27:49 INFO  [main] Baseclass - ===== LOGGER TEST =====
2026-09-20 20:27:49 INFO  [main] Baseclass - ********** Launching Edge Browser (headless=false) **********
2026-09-20 20:27:50 INFO  [main] Baseclass - edge Browser Launched Successfully
2026-09-20 20:27:50 INFO  [main] Baseclass - Opening URL : https://opensource-demo.orangehrmlive.com/web/index.php/auth/login
2026-09-20 20:27:53 INFO  [main] Baseclass - Application Opened Successfully
2026-09-20 20:27:55 INFO  [main] Baseclass - Login Successful
2026-09-20 20:27:55 INFO  [main] Baseclass - Current URL : https://opensource-demo.orangehrmlive.com/web/index.php/dashboard/index
2026-09-20 20:27:55 INFO  [main] Baseclass - Page Title : OrangeHRM
2026-09-20 20:27:56 INFO  [main] Baseclass - Logout Successful
2026-09-20 20:27:57 INFO  [main] Baseclass - Browser Closed Successfully
2026-09-20 20:27:57 INFO  [main] Baseclass - ===== LOGGER TEST =====
2026-09-20 20:27:57 INFO  [main] Baseclass - ********** Launching Edge Browser (headless=false) **********
2026-09-20 20:27:59 INFO  [main] Baseclass - edge Browser Launched Successfully
2026-09-20 20:27:59 INFO  [main] Baseclass - Opening URL : https://opensource-demo.orangehrmlive.com/web/index.php/auth/login
2026-09-20 20:28:01 INFO  [main] Baseclass - Application Opened Successfully
2026-09-20 20:28:03 INFO  [main] Baseclass - Login Successful
2026-09-20 20:28:03 INFO  [main] Baseclass - Current URL : https://opensource-demo.orangehrmlive.com/web/index.php/auth/login
2026-09-20 20:28:03 INFO  [main] Baseclass - Page Title : OrangeHRM
2026-09-20 20:29:48 INFO  [main] Baseclass - ===== LOGGER TEST =====
2026-09-20 20:29:48 INFO  [main] Baseclass - ********** Launching Edge Browser (headless=false) **********
2026-09-20 20:29:52 INFO  [main] Baseclass - edge Browser Launched Successfully
2026-09-20 20:29:52 INFO  [main] Baseclass - Opening URL : https://opensource-demo.orangehrmlive.com/web/index.php/auth/login
2026-09-20 20:29:56 INFO  [main] Baseclass - Application Opened Successfully
2026-09-20 20:29:56 INFO  [main] Baseclass - Logging in with username from config : Admin
2026-09-20 20:29:57 INFO  [main] Baseclass - Login Successful
2026-09-20 20:29:57 INFO  [main] Baseclass - Current URL : https://opensource-demo.orangehrmlive.com/web/index.php/auth/login
2026-09-20 20:29:57 INFO  [main] Baseclass - Page Title : OrangeHRM
2026-09-20 20:29:59 INFO  [main] Baseclass - Clicking on Recruitment Menu
2026-09-20 20:30:00 INFO  [main] Baseclass - Recruitment Page Opened Successfully
2026-09-20 20:30:00 INFO  [main] Baseclass - Clicking on Add Button
2026-09-20 20:30:01 INFO  [main] Baseclass - Add Candidate Page Opened Successfully
2026-09-20 20:30:01 INFO  [main] Baseclass - Entering Candidate Details
2026-09-20 20:30:02 INFO  [main] Baseclass - Generated Email : FBrLj@yopmail.com
2026-09-20 20:30:02 INFO  [main] Baseclass - Candidate Details Entered Successfully
2026-09-20 20:30:02 INFO  [main] Baseclass - Clicking on Save Button
2026-09-20 20:30:02 INFO  [main] Baseclass - Candidate Saved Successfully
2026-09-20 20:30:03 INFO  [main] Baseclass - Browser Closed Successfully
2026-09-20 20:30:03 INFO  [main] Baseclass - ===== LOGGER TEST =====
2026-09-20 20:30:03 INFO  [main] Baseclass - ********** Launching Edge Browser (headless=false) **********
2026-09-20 20:30:04 INFO  [main] Baseclass - edge Browser Launched Successfully
2026-09-20 20:30:04 INFO  [main] Baseclass - Opening URL : https://opensource-demo.orangehrmlive.com/web/index.php/auth/login
2026-09-20 20:30:07 INFO  [main] Baseclass - Application Opened Successfully
2026-09-20 20:30:07 INFO  [main] Baseclass - Logging in with username from config : Admin
2026-09-20 20:30:09 INFO  [main] Baseclass - Login Successful
2026-09-20 20:30:09 INFO  [main] Baseclass - Current URL : https://opensource-demo.orangehrmlive.com/web/index.php/dashboard/index
2026-09-20 20:30:09 INFO  [main] Baseclass - Page Title : OrangeHRM
2026-09-20 20:30:09 INFO  [main] Baseclass - Clicking on Recruitment Menu
2026-09-20 20:30:11 INFO  [main] Baseclass - Recruitment Page Opened Successfully
2026-09-20 20:30:11 INFO  [main] Baseclass - Candidates Page Verified Successfully
2026-09-20 20:30:11 INFO  [main] Baseclass - Selecting Vacancy : Senior QA Lead
2026-09-20 20:30:11 INFO  [main] Baseclass - Clicking on Search Button
2026-09-20 20:30:11 INFO  [main] Baseclass - Search Completed Successfully
2026-09-20 20:30:12 INFO  [main] Baseclass - Candidate Verified Successfully in Search Results
2026-09-20 20:30:12 INFO  [main] Baseclass - Browser Closed Successfully
2026-09-20 20:30:12 INFO  [main] Baseclass - ===== LOGGER TEST =====
2026-09-20 20:30:12 INFO  [main] Baseclass - ********** Launching Edge Browser (headless=false) **********
2026-09-20 20:30:13 INFO  [main] Baseclass - edge Browser Launched Successfully
2026-09-20 20:30:13 INFO  [main] Baseclass - Opening URL : https://opensource-demo.orangehrmlive.com/web/index.php/auth/login
2026-09-20 20:30:17 INFO  [main] Baseclass - Application Opened Successfully
2026-09-20 20:30:17 INFO  [main] Baseclass - Logging in with username from config : Admin
2026-09-20 20:30:18 INFO  [main] Baseclass - Login Successful
2026-09-20 20:30:18 INFO  [main] Baseclass - Current URL : https://opensource-demo.orangehrmlive.com/web/index.php/dashboard/index
2026-09-20 20:30:18 INFO  [main] Baseclass - Page Title : OrangeHRM
2026-09-20 20:30:20 INFO  [main] Baseclass - Logout Successful
2026-09-20 20:30:20 INFO  [main] Baseclass - Browser Closed Successfully
2026-09-20 20:30:20 INFO  [main] Baseclass - ===== LOGGER TEST =====
2026-09-20 20:30:20 INFO  [main] Baseclass - ********** Launching Edge Browser (headless=false) **********
2026-09-20 20:30:22 INFO  [main] Baseclass - edge Browser Launched Successfully
2026-09-20 20:30:22 INFO  [main] Baseclass - Opening URL : https://opensource-demo.orangehrmlive.com/web/index.php/auth/login
2026-09-20 20:30:25 INFO  [main] Baseclass - Application Opened Successfully
2026-09-20 20:30:25 INFO  [main] Baseclass - Login Successful
2026-09-20 20:30:26 INFO  [main] Baseclass - Current URL : https://opensource-demo.orangehrmlive.com/web/index.php/dashboard/index
2026-09-20 20:30:26 INFO  [main] Baseclass - Page Title : OrangeHRM
2026-09-20 20:30:28 INFO  [main] Baseclass - Logout Successful
2026-09-20 20:30:28 INFO  [main] Baseclass - Browser Closed Successfully
2026-09-20 20:30:28 INFO  [main] Baseclass - ===== LOGGER TEST =====
2026-09-20 20:30:28 INFO  [main] Baseclass - ********** Launching Edge Browser (headless=false) **********
2026-09-20 20:30:29 INFO  [main] Baseclass - edge Browser Launched Successfully
2026-09-20 20:30:29 INFO  [main] Baseclass - Opening URL : https://opensource-demo.orangehrmlive.com/web/index.php/auth/login
2026-09-20 20:30:33 INFO  [main] Baseclass - Application Opened Successfully
2026-09-20 20:30:34 INFO  [main] Baseclass - Login Successful
2026-09-20 20:30:34 INFO  [main] Baseclass - Current URL : https://opensource-demo.orangehrmlive.com/web/index.php/auth/login
2026-09-20 20:30:34 INFO  [main] Baseclass - Page Title : OrangeHRM
2026-09-20 20:47:52 INFO  [main] Baseclass - ===== LOGGER TEST =====
2026-09-20 20:47:52 INFO  [main] Baseclass - ********** Launching Edge Browser (headless=false) **********
2026-09-20 20:47:55 INFO  [main] Baseclass - edge Browser Launched Successfully
2026-09-20 20:47:55 INFO  [main] Baseclass - Opening URL : https://opensource-demo.orangehrmlive.com/web/index.php/auth/login
2026-09-20 20:47:59 INFO  [main] Baseclass - Application Opened Successfully
2026-09-20 20:47:59 INFO  [main] Baseclass - Logging in with username from config : Admin
2026-09-20 20:48:01 INFO  [main] Baseclass - Login Successful
2026-09-20 20:48:01 INFO  [main] Baseclass - Current URL : https://opensource-demo.orangehrmlive.com/web/index.php/dashboard/index
2026-09-20 20:48:01 INFO  [main] Baseclass - Page Title : OrangeHRM
2026-09-20 20:48:03 INFO  [main] Baseclass - Logout Successful
2026-09-20 20:48:03 INFO  [main] Baseclass - Browser Closed Successfully
